------------------------------------------------------------
TimeQuest Timing Analyzer Summary
------------------------------------------------------------

Type  : Slow 1100mV 85C Model Setup 'clk'
Slack : -0.432
TNS   : -2.392

Type  : Slow 1100mV 85C Model Hold 'clk'
Slack : 0.375
TNS   : 0.000

Type  : Slow 1100mV 85C Model Minimum Pulse Width 'clk'
Slack : -0.724
TNS   : -9.971

Type  : Slow 1100mV 0C Model Setup 'clk'
Slack : -0.422
TNS   : -2.114

Type  : Slow 1100mV 0C Model Hold 'clk'
Slack : 0.358
TNS   : 0.000

Type  : Slow 1100mV 0C Model Minimum Pulse Width 'clk'
Slack : -0.724
TNS   : -10.005

Type  : Fast 1100mV 85C Model Setup 'clk'
Slack : 0.393
TNS   : 0.000

Type  : Fast 1100mV 85C Model Hold 'clk'
Slack : 0.167
TNS   : 0.000

Type  : Fast 1100mV 85C Model Minimum Pulse Width 'clk'
Slack : -0.082
TNS   : -0.730

Type  : Fast 1100mV 0C Model Setup 'clk'
Slack : 0.426
TNS   : 0.000

Type  : Fast 1100mV 0C Model Hold 'clk'
Slack : 0.155
TNS   : 0.000

Type  : Fast 1100mV 0C Model Minimum Pulse Width 'clk'
Slack : -0.083
TNS   : -0.739

------------------------------------------------------------
